<html>
<body>
<pre>
<h1>µVision Build Log</h1>
<h2>Tool Versions:</h2>
IDE-Version: ¶ÃVision V5.24.2.0
Copyright (C) 2017 ARM Ltd and ARM Germany GmbH. All rights reserved.
License Information: NI KEZI, K, LIC=YA39H-WX3JX-01IP1-CM282-EKBDT-S7B3V
 
Tool Versions:
Toolchain:       MDK-ARM Plus  Version: 5.24.1
Toolchain Path:  D:\K32\ARM\ARMCC\Bin
C Compiler:      Armcc.exe V5.06 update 5 (build 528)
Assembler:       Armasm.exe V5.06 update 5 (build 528)
Linker/Locator:  ArmLink.exe V5.06 update 5 (build 528)
Library Manager: ArmAr.exe V5.06 update 5 (build 528)
Hex Converter:   FromElf.exe V5.06 update 5 (build 528)
CPU DLL:         SARMCM3.DLL V5.24.1
Dialog DLL:      DCM.DLL V1.16.0.0
Target DLL:      STLink\ST-LINKIII-KEIL_SWO.dll V3.0.1.0
Dialog DLL:      TCM.DLL V1.32.0.0
 
<h2>Project:</h2>
D:\code\stm32CubeMx\logistics-trolley\ÃÏª®∞Â≤„ª˙–µ±€\Project.uvprojx
Project File Date:  03/26/2026

<h2>Output:</h2>
*** Using Compiler 'V5.06 update 5 (build 528)', folder: 'D:\K32\ARM\ARMCC\Bin'
Build target 'Target 1'
compiling main.c...
User\main.c(11): warning:  #223-D: function "Trigger_Top_Init" declared implicitly
      Trigger_Top_Init();
User\main.c(14): warning:  #223-D: function "Servo_Control" declared implicitly
      Servo_Control(1, 2600); //Â∫ïÁõòÂàùÂßã‰ΩçÁΩÆ
User\main.c(23): warning:  #223-D: function "Trigger_Read_Pin" declared implicitly
          if (Trigger_Read_Pin(GPIOA, GPIO_Pin_12) == 1 && flag == 0)
User\main.c(28): warning:  #223-D: function "Trigger_Set_High" declared implicitly
              Trigger_Set_High(GPIOA, GPIO_Pin_15);
User\main.c(7): warning:  #177-D: variable "pulse"  was declared but never referenced
      uint16_t pulse; // Áî®‰∫éËÆ∞ÂΩïÂΩìÂâçËÑâÂÆΩÊï∞ÂÄ? (500~2500)
User\main.c: 5 warnings, 0 errors
linking...
Program Size: Code=3912 RO-data=268 RW-data=8 ZI-data=2760  
".\Objects\Project.axf" - 0 Error(s), 5 Warning(s).

<h2>Software Packages used:</h2>

Package Vendor: Keil
                https://www.keil.com/pack/Keil.STM32F1xx_DFP.2.4.1.pack
                Keil.STM32F1xx_DFP.2.4.1
                STMicroelectronics STM32F1 Series Device Support, Drivers and Examples

<h2>Collection of Component include folders:</h2>
  .\RTE\_Target_1
  D:\K32\ARM\PACK\Keil\STM32F1xx_DFP\2.4.1\Device\Include

<h2>Collection of Component Files used:</h2>
Build Time Elapsed:  00:00:01
</pre>
</body>
</html>
