<html>
<body>
<pre>
<h1>�Vision Build Log</h1>
<h2>Tool Versions:</h2>
IDE-Version: ��Vision V5.24.2.0
Copyright (C) 2017 ARM Ltd and ARM Germany GmbH. All rights reserved.
License Information: NI KEZI, K, LIC=YA39H-WX3JX-01IP1-CM282-EKBDT-S7B3V
 
Tool Versions:
Toolchain:       MDK-ARM Plus  Version: 5.24.1
Toolchain Path:  D:\K32\ARM\ARMCC\Bin
C Compiler:      Armcc.exe V5.06 update 5 (build 528)
Assembler:       Armasm.exe V5.06 update 5 (build 528)
Linker/Locator:  ArmLink.exe V5.06 update 5 (build 528)
Library Manager: ArmAr.exe V5.06 update 5 (build 528)
Hex Converter:   FromElf.exe V5.06 update 5 (build 528)
CPU DLL:         SARMCM3.DLL V5.24.1
Dialog DLL:      DCM.DLL V1.16.0.0
Target DLL:      STLink\ST-LINKIII-KEIL_SWO.dll V3.0.1.0
Dialog DLL:      TCM.DLL V1.32.0.0
 
<h2>Project:</h2>
D:\code\project\logistics-trolley\firmware\chassis_controller\Project.uvprojx
Project File Date:  03/27/2026

<h2>Output:</h2>
*** Using Compiler 'V5.06 update 5 (build 528)', folder: 'D:\K32\ARM\ARMCC\Bin'
Build target 'Target 1'
assembling startup_stm32f10x_md.s...
compiling system_stm32f10x.c...
compiling stm32f10x_exti.c...
compiling stm32f10x_gpio.c...
compiling stm32f10x_pwr.c...
compiling stm32f10x_can.c...
compiling stm32f10x_sdio.c...
compiling stm32f10x_cec.c...
compiling stm32f10x_dac.c...
compiling stm32f10x_dma.c...
compiling stm32f10x_flash.c...
compiling stm32f10x_dbgmcu.c...
compiling stm32f10x_crc.c...
compiling stm32f10x_fsmc.c...
compiling stm32f10x_rtc.c...
compiling misc.c...
compiling stm32f10x_rcc.c...
compiling stm32f10x_bkp.c...
compiling stm32f10x_adc.c...
compiling stm32f10x_iwdg.c...
compiling stm32f10x_spi.c...
compiling stm32f10x_i2c.c...
compiling stm32f10x_usart.c...
compiling stm32f10x_wwdg.c...
compiling stm32f10x_tim.c...
compiling Delay.c...
compiling Timer.c...
compiling Control.c...
System\Control.c(69): warning:  #1-D: last line of file ends without a newline
  }
System\Control.c: 1 warning, 0 errors
compiling OLED_Data.c...
compiling LED.c...
compiling core_cm3.c...
compiling OLED.c...
compiling Key.c...
compiling MPU6050.c...
Hardware\MPU6050.c(125): warning:  #1-D: last line of file ends without a newline
  }
Hardware\MPU6050.c: 1 warning, 0 errors
compiling MyI2C.c...
compiling Motor.c...
compiling PWM.c...
compiling Encoder.c...
compiling Serial.c...
compiling BlueSerial.c...
compiling GPIO_Trigger.c...
compiling main.c...
User\main.c(3): warning:  #161-D: unrecognized #pragma
  #pragma region 调参�?
User\main.c(44): warning:  #161-D: unrecognized #pragma
  #pragma endregion
User\main.c(46): warning:  #161-D: unrecognized #pragma
  #pragma region 系统状态与标志位与上层信息参数定义
User\main.c(69): warning:  #161-D: unrecognized #pragma
  #pragma endregion
User\main.c(71): warning:  #161-D: unrecognized #pragma
  #pragma region 其他参数定义
User\main.c(89): warning:  #161-D: unrecognized #pragma
  #pragma endregion // 结束折叠�?
User\main.c(132): warning:  #223-D: function "Trigger_Lower_Init" declared implicitly
  	Trigger_Lower_Init();
User\main.c(463): warning:  #161-D: unrecognized #pragma
  #pragma region 陀螺仪数据处理
User\main.c(471): warning:  #161-D: unrecognized #pragma
  #pragma endregion
User\main.c(539): warning:  #161-D: unrecognized #pragma
  #pragma region 全黑任务状态机
User\main.c(661): warning:  #161-D: unrecognized #pragma
  #pragma endregion
User\main.c(663): warning:  #161-D: unrecognized #pragma
  #pragma region 直角弯|货站检测|避障触发�?
User\main.c(730): warning:  #161-D: unrecognized #pragma
  #pragma endregion
User\main.c: 13 warnings, 0 errors
compiling stm32f10x_it.c...
compiling PID.c...
compiling InitAll.c...
linking...
Program Size: Code=23222 RO-data=3190 RW-data=348 ZI-data=2756  
".\Objects\Project.axf" - 0 Error(s), 15 Warning(s).

<h2>Software Packages used:</h2>

Package Vendor: Keil
                https://www.keil.com/pack/Keil.STM32F1xx_DFP.2.4.1.pack
                Keil.STM32F1xx_DFP.2.4.1
                STMicroelectronics STM32F1 Series Device Support, Drivers and Examples

<h2>Collection of Component include folders:</h2>
  .\RTE\_Target_1
  D:\K32\ARM\PACK\Keil\STM32F1xx_DFP\2.4.1\Device\Include

<h2>Collection of Component Files used:</h2>
Build Time Elapsed:  00:00:03
</pre>
</body>
</html>
