<html>
<body>
<pre>
<h1>礦ision Build Log</h1>
<h2>Tool Versions:</h2>
IDE-Version: μVision V5.24.2.0
Copyright (C) 2017 ARM Ltd and ARM Germany GmbH. All rights reserved.
License Information: NI KEZI, K, LIC=YA39H-WX3JX-01IP1-CM282-EKBDT-S7B3V
 
Tool Versions:
Toolchain:       MDK-ARM Plus  Version: 5.24.1
Toolchain Path:  D:\K32\ARM\ARMCC\Bin
C Compiler:      Armcc.exe V5.06 update 5 (build 528)
Assembler:       Armasm.exe V5.06 update 5 (build 528)
Linker/Locator:  ArmLink.exe V5.06 update 5 (build 528)
Library Manager: ArmAr.exe V5.06 update 5 (build 528)
Hex Converter:   FromElf.exe V5.06 update 5 (build 528)
CPU DLL:         SARMCM3.DLL V5.24.1
Dialog DLL:      DCM.DLL V1.16.0.0
Target DLL:      STLink\ST-LINKIII-KEIL_SWO.dll V3.0.1.0
Dialog DLL:      TCM.DLL V1.32.0.0
 
<h2>Project:</h2>
D:\code\stm32CubeMx\logistics-trolley\小车下位机（PID等等）\Project.uvprojx
Project File Date:  01/31/2026

<h2>Output:</h2>
*** Using Compiler 'V5.06 update 5 (build 528)', folder: 'D:\K32\ARM\ARMCC\Bin'
Build target 'Target 1'
compiling main.c...
User\main.c(413): warning:  #1-D: last line of file ends without a newline
  }
User\main.c(242): warning:  #177-D: variable "Calibrate_Count"  was declared but never referenced
  	static uint16_t Calibrate_Count = 0; // 鐢ㄤ簬璁板綍鏍″噯娆℃暟
User\main.c(243): warning:  #177-D: variable "Calibrate_Sum"  was declared but never referenced
  	static int32_t Calibrate_Sum = 0;	 // 鐢ㄤ簬绱姞闆跺亸鏁版嵁
User\main.c: 3 warnings, 0 errors
linking...
Program Size: Code=20830 RO-data=3190 RW-data=396 ZI-data=2756  
".\Objects\Project.axf" - 0 Error(s), 3 Warning(s).

<h2>Software Packages used:</h2>

Package Vendor: Keil
                https://www.keil.com/pack/Keil.STM32F1xx_DFP.2.4.1.pack
                Keil.STM32F1xx_DFP.2.4.1
                STMicroelectronics STM32F1 Series Device Support, Drivers and Examples

<h2>Collection of Component include folders:</h2>
  .\RTE\_Target_1
  D:\K32\ARM\PACK\Keil\STM32F1xx_DFP\2.4.1\Device\Include

<h2>Collection of Component Files used:</h2>
Build Time Elapsed:  00:00:01
</pre>
</body>
</html>
